<generatedTop>
  <k>
    .
  </k>
  <results>
    ListItem ( true )
    ListItem ( false )
    ListItem ( false )
    ListItem ( true )
    ListItem ( true )
  </results>
</generatedTop>
